{
  "annotations": {
    "destructiveHint": false,
    "idempotentHint": false,
    "openWorldHint": true,
    "readOnlyHint": false,
    "title": "Add Sub-Issue"
  },
  "description": "Add a sub-issue to a parent issue.",
  "inputSchema": {
    "properties": {
      "issue_number": {
        "description": "The parent issue number",
        "minimum": 1,
        "type": "number"
      },
      "owner": {
        "description": "Repository owner (username or organization)",
        "type": "string"
      },
      "replace_parent": {
        "description": "If true, reparent the sub-issue if it already has a parent",
        "type": "boolean"
      },
      "repo": {
        "description": "Repository name",
        "type": "string"
      },
      "sub_issue_id": {
        "description": "The ID of the sub-issue to add. ID is not the same as issue number",
        "type": "number"
      }
    },
    "required": [
      "owner",
      "repo",
      "issue_number",
      "sub_issue_id"
    ],
    "type": "object"
  },
  "name": "add_sub_issue"
}