{
  "annotations": {
    "idempotentHint": false,
    "readOnlyHint": true,
    "title": "List repository security advisories"
  },
  "description": "List repository security advisories for a GitHub repository.",
  "inputSchema": {
    "properties": {
      "direction": {
        "description": "Sort direction.",
        "enum": [
          "asc",
          "desc"
        ],
        "type": "string"
      },
      "owner": {
        "description": "The owner of the repository.",
        "type": "string"
      },
      "repo": {
        "description": "The name of the repository.",
        "type": "string"
      },
      "sort": {
        "description": "Sort field.",
        "enum": [
          "created",
          "updated",
          "published"
        ],
        "type": "string"
      },
      "state": {
        "description": "Filter by advisory state.",
        "enum": [
          "triage",
          "draft",
          "published",
          "closed"
        ],
        "type": "string"
      }
    },
    "required": [
      "owner",
      "repo"
    ],
    "type": "object"
  },
  "name": "list_repository_security_advisories"
}