{
  "annotations": {
    "idempotentHint": false,
    "readOnlyHint": true,
    "title": "List repository collaborators"
  },
  "description": "List collaborators of a GitHub repository. Results are paginated; the response includes `nextPage`, `prevPage`, `firstPage`, and `lastPage` fields. To get the next page, use the `nextPage` value as the `page` parameter.",
  "inputSchema": {
    "properties": {
      "affiliation": {
        "description": "Filter by affiliation. Can be one of: 'outside' (outside collaborators), 'direct' (all with permissions regardless of org membership), 'all' (all collaborators). Default: 'all'",
        "enum": [
          "outside",
          "direct",
          "all"
        ],
        "type": "string"
      },
      "owner": {
        "description": "Repository owner",
        "type": "string"
      },
      "page": {
        "description": "Page number for pagination (default 1, min 1)",
        "minimum": 1,
        "type": "number"
      },
      "perPage": {
        "description": "Results per page for pagination (default 30, min 1, max 100)",
        "maximum": 100,
        "minimum": 1,
        "type": "number"
      },
      "repo": {
        "description": "Repository name",
        "type": "string"
      }
    },
    "required": [
      "owner",
      "repo"
    ],
    "type": "object"
  },
  "name": "list_repository_collaborators"
}