{
  "annotations": {
    "idempotentHint": false,
    "readOnlyHint": true,
    "title": "List dependabot alerts"
  },
  "description": "List dependabot alerts in a GitHub repository.",
  "inputSchema": {
    "properties": {
      "after": {
        "description": "Cursor for pagination. Use the cursor from the previous response.",
        "type": "string"
      },
      "owner": {
        "description": "The owner of the repository.",
        "type": "string"
      },
      "perPage": {
        "description": "Results per page for pagination (min 1, max 100)",
        "maximum": 100,
        "minimum": 1,
        "type": "number"
      },
      "repo": {
        "description": "The name of the repository.",
        "type": "string"
      },
      "severity": {
        "description": "Filter dependabot alerts by severity",
        "enum": [
          "low",
          "medium",
          "high",
          "critical"
        ],
        "type": "string"
      },
      "state": {
        "default": "open",
        "description": "Filter dependabot alerts by state. Defaults to open",
        "enum": [
          "open",
          "fixed",
          "dismissed",
          "auto_dismissed"
        ],
        "type": "string"
      }
    },
    "required": [
      "owner",
      "repo"
    ],
    "type": "object"
  },
  "name": "list_dependabot_alerts"
}