{
  "annotations": {
    "idempotentHint": false,
    "readOnlyHint": true,
    "title": "Search code"
  },
  "description": "Fast and precise code search across ALL GitHub repositories using GitHub's native search engine. Best for finding exact symbols, functions, classes, or specific code patterns.",
  "inputSchema": {
    "properties": {
      "fields": {
        "description": "Subset of fields to return for each code search result. If omitted, all fields are returned. Use this to reduce response size when you only need specific fields; omitting 'repository' and 'text_matches' in particular drops the largest per-result data.",
        "items": {
          "enum": [
            "name",
            "path",
            "sha",
            "repository",
            "text_matches"
          ],
          "type": "string"
        },
        "type": "array"
      },
      "order": {
        "description": "Sort order for results",
        "enum": [
          "asc",
          "desc"
        ],
        "type": "string"
      },
      "page": {
        "description": "Page number for pagination (min 1)",
        "minimum": 1,
        "type": "number"
      },
      "perPage": {
        "description": "Results per page for pagination (min 1, max 100)",
        "maximum": 100,
        "minimum": 1,
        "type": "number"
      },
      "query": {
        "description": "Search query (GitHub code search REST). Implicit AND between terms; supports `OR`, `NOT`, and `\"quoted phrase\"` for exact match. Qualifiers: `repo:owner/repo`, `org:`, `user:`, `language:`, `path:dir` (prefix match), `filename:exact.ext`, `extension:`, `in:file`, `in:path`, `size:`, `is:archived`, `is:fork`. Max 256 chars. Examples: `WithContext language:go org:github`; `\"package main\" repo:o/r`; `func extension:go path:cmd repo:o/r`; `NOT TODO language:go repo:o/r`.",
        "type": "string"
      },
      "sort": {
        "description": "Sort field ('indexed' only)",
        "type": "string"
      }
    },
    "required": [
      "query"
    ],
    "type": "object"
  },
  "name": "search_code"
}